app/api/comments/[id]/like/route.ts(24,17): error TS2353: Object literal may only specify known properties, and 'commentId' does not exist in type 'LikeWhereInput'.
app/api/comments/[id]/like/route.ts(36,67): error TS2353: Object literal may only specify known properties, and 'commentId' does not exist in type 'LikeWhereInput'.
app/api/comments/[id]/like/route.ts(43,21): error TS2353: Object literal may only specify known properties, and 'commentId' does not exist in type '(Without<LikeCreateInput, LikeUncheckedCreateInput> & LikeUncheckedCreateInput) | (Without<...> & LikeCreateInput)'.
app/api/comments/[id]/like/route.ts(47,67): error TS2353: Object literal may only specify known properties, and 'commentId' does not exist in type 'LikeWhereInput'.
app/api/posts/[id]/comments/route.ts(80,9): error TS2353: Object literal may only specify known properties, and 'parentId' does not exist in type 'Without<CommentCreateInput, CommentUncheckedCreateInput> & CommentUncheckedCreateInput'.
app/api/posts/[id]/comments/route.ts(99,23): error TS2551: Property 'author' does not exist on type '{ id: string; createdAt: Date; updatedAt: Date; content: string; authorId: string; postId: string; }'. Did you mean 'authorId'?
app/api/posts/[id]/comments/route.ts(100,25): error TS2551: Property 'author' does not exist on type '{ id: string; createdAt: Date; updatedAt: Date; content: string; authorId: string; postId: string; }'. Did you mean 'authorId'?
app/api/posts/[id]/comments/route.ts(101,27): error TS2551: Property 'author' does not exist on type '{ id: string; createdAt: Date; updatedAt: Date; content: string; authorId: string; postId: string; }'. Did you mean 'authorId'?
app/api/posts/by-slug/[slug]/route.ts(26,20): error TS2353: Object literal may only specify known properties, and 'parentId' does not exist in type 'CommentWhereInput'.
app/api/posts/by-slug/[slug]/route.ts(30,13): error TS2353: Object literal may only specify known properties, and 'likes' does not exist in type 'CommentInclude<DefaultArgs>'.
app/api/posts/by-slug/[slug]/route.ts(49,14): error TS2339: Property 'likes' does not exist on type '{ id: string; createdAt: Date; updatedAt: Date; title: string; slug: string; excerpt: string | null; content: string; featuredImage: string | null; category: string; orientation: string; status: PostStatus; authorId: string; publishedAt: Date | null; }'.
app/api/posts/by-slug/[slug]/route.ts(49,26): error TS7006: Parameter 'like' implicitly has an 'any' type.
app/api/posts/by-slug/[slug]/route.ts(65,18): error TS2551: Property 'author' does not exist on type '{ id: string; createdAt: Date; updatedAt: Date; title: string; slug: string; excerpt: string | null; content: string; featuredImage: string | null; category: string; orientation: string; status: PostStatus; authorId: string; publishedAt: Date | null; }'. Did you mean 'authorId'?
app/api/posts/by-slug/[slug]/route.ts(66,20): error TS2551: Property 'author' does not exist on type '{ id: string; createdAt: Date; updatedAt: Date; title: string; slug: string; excerpt: string | null; content: string; featuredImage: string | null; category: string; orientation: string; status: PostStatus; authorId: string; publishedAt: Date | null; }'. Did you mean 'authorId'?
app/api/posts/by-slug/[slug]/route.ts(67,22): error TS2551: Property 'author' does not exist on type '{ id: string; createdAt: Date; updatedAt: Date; title: string; slug: string; excerpt: string | null; content: string; featuredImage: string | null; category: string; orientation: string; status: PostStatus; authorId: string; publishedAt: Date | null; }'. Did you mean 'authorId'?
app/api/posts/by-slug/[slug]/route.ts(69,24): error TS2339: Property 'likes' does not exist on type '{ id: string; createdAt: Date; updatedAt: Date; title: string; slug: string; excerpt: string | null; content: string; featuredImage: string | null; category: string; orientation: string; status: PostStatus; authorId: string; publishedAt: Date | null; }'.
app/api/posts/by-slug/[slug]/route.ts(71,22): error TS2339: Property 'comments' does not exist on type '{ id: string; createdAt: Date; updatedAt: Date; title: string; slug: string; excerpt: string | null; content: string; featuredImage: string | null; category: string; orientation: string; status: PostStatus; authorId: string; publishedAt: Date | null; }'.
app/api/posts/by-slug/[slug]/route.ts(71,36): error TS7006: Parameter 'comment' implicitly has an 'any' type.
app/api/posts/by-slug/[slug]/route.ts(82,33): error TS7006: Parameter 'like' implicitly has an 'any' type.
app/api/posts/by-slug/[slug]/route.ts(84,39): error TS7006: Parameter 'reply' implicitly has an 'any' type.
app/api/posts/by-slug/[slug]/route.ts(95,33): error TS7006: Parameter 'like' implicitly has an 'any' type.
